=== RUN   TestDiagnosticWarmSyncIndexUnderCheckpointCountLoad
    sync_index_count_load_diagnostic_test.go:276: SYNC_INDEX_PHASE arm=memoized phase=work_released fixture_elapsed=2.169227963s workers=6144 jobs=15000 probes=32
    sync_index_count_load_diagnostic_test.go:371: SYNC_INDEX_PROBE {"call":1,"handler_duration_us":11570,"observer_duration_us":13843,"jobs_at_start":323,"jobs_at_end":2887,"active_scans_at_start":0,"active_scans_at_end":0,"load_active_at_start":true,"stack_attempted":false,"stack_captured":false}
    sync_index_count_load_diagnostic_test.go:371: SYNC_INDEX_PROBE {"call":2,"handler_duration_us":16322,"observer_duration_us":16332,"jobs_at_start":2909,"jobs_at_end":9059,"active_scans_at_start":0,"active_scans_at_end":0,"load_active_at_start":true,"stack_attempted":false,"stack_captured":false}
    sync_index_count_load_diagnostic_test.go:371: SYNC_INDEX_PROBE {"call":3,"handler_duration_us":7473,"observer_duration_us":7484,"jobs_at_start":9059,"jobs_at_end":15000,"active_scans_at_start":0,"active_scans_at_end":0,"load_active_at_start":true,"stack_attempted":false,"stack_captured":false}
    sync_index_count_load_diagnostic_test.go:371: SYNC_INDEX_PROBE {"call":4,"handler_duration_us":8,"observer_duration_us":17,"jobs_at_start":15000,"jobs_at_end":15000,"active_scans_at_start":0,"active_scans_at_end":0,"load_active_at_start":false,"stack_attempted":false,"stack_captured":false}
    sync_index_count_load_diagnostic_test.go:371: SYNC_INDEX_PROBE {"call":5,"handler_duration_us":2,"observer_duration_us":5,"jobs_at_start":15000,"jobs_at_end":15000,"active_scans_at_start":0,"active_scans_at_end":0,"load_active_at_start":false,"stack_attempted":false,"stack_captured":false}
    sync_index_count_load_diagnostic_test.go:371: SYNC_INDEX_PROBE {"call":6,"handler_duration_us":2,"observer_duration_us":3,"jobs_at_start":15000,"jobs_at_end":15000,"active_scans_at_start":0,"active_scans_at_end":0,"load_active_at_start":false,"stack_attempted":false,"stack_captured":false}
    sync_index_count_load_diagnostic_test.go:371: SYNC_INDEX_PROBE {"call":7,"handler_duration_us":2,"observer_duration_us":3,"jobs_at_start":15000,"jobs_at_end":15000,"active_scans_at_start":0,"active_scans_at_end":0,"load_active_at_start":false,"stack_attempted":false,"stack_captured":false}
    sync_index_count_load_diagnostic_test.go:371: SYNC_INDEX_PROBE {"call":8,"handler_duration_us":1,"observer_duration_us":3,"jobs_at_start":15000,"jobs_at_end":15000,"active_scans_at_start":0,"active_scans_at_end":0,"load_active_at_start":false,"stack_attempted":false,"stack_captured":false}
    sync_index_count_load_diagnostic_test.go:371: SYNC_INDEX_PROBE {"call":9,"handler_duration_us":2,"observer_duration_us":3,"jobs_at_start":15000,"jobs_at_end":15000,"active_scans_at_start":0,"active_scans_at_end":0,"load_active_at_start":false,"stack_attempted":false,"stack_captured":false}
    sync_index_count_load_diagnostic_test.go:371: SYNC_INDEX_PROBE {"call":10,"handler_duration_us":2,"observer_duration_us":3,"jobs_at_start":15000,"jobs_at_end":15000,"active_scans_at_start":0,"active_scans_at_end":0,"load_active_at_start":false,"stack_attempted":false,"stack_captured":false}
    sync_index_count_load_diagnostic_test.go:371: SYNC_INDEX_PROBE {"call":11,"handler_duration_us":2,"observer_duration_us":3,"jobs_at_start":15000,"jobs_at_end":15000,"active_scans_at_start":0,"active_scans_at_end":0,"load_active_at_start":false,"stack_attempted":false,"stack_captured":false}
    sync_index_count_load_diagnostic_test.go:371: SYNC_INDEX_PROBE {"call":12,"handler_duration_us":2,"observer_duration_us":4,"jobs_at_start":15000,"jobs_at_end":15000,"active_scans_at_start":0,"active_scans_at_end":0,"load_active_at_start":false,"stack_attempted":false,"stack_captured":false}
    sync_index_count_load_diagnostic_test.go:371: SYNC_INDEX_PROBE {"call":13,"handler_duration_us":2,"observer_duration_us":4,"jobs_at_start":15000,"jobs_at_end":15000,"active_scans_at_start":0,"active_scans_at_end":0,"load_active_at_start":false,"stack_attempted":false,"stack_captured":false}
    sync_index_count_load_diagnostic_test.go:371: SYNC_INDEX_PROBE {"call":14,"handler_duration_us":2,"observer_duration_us":4,"jobs_at_start":15000,"jobs_at_end":15000,"active_scans_at_start":0,"active_scans_at_end":0,"load_active_at_start":false,"stack_attempted":false,"stack_captured":false}
    sync_index_count_load_diagnostic_test.go:371: SYNC_INDEX_PROBE {"call":15,"handler_duration_us":2,"observer_duration_us":5,"jobs_at_start":15000,"jobs_at_end":15000,"active_scans_at_start":0,"active_scans_at_end":0,"load_active_at_start":false,"stack_attempted":false,"stack_captured":false}
    sync_index_count_load_diagnostic_test.go:371: SYNC_INDEX_PROBE {"call":16,"handler_duration_us":2,"observer_duration_us":4,"jobs_at_start":15000,"jobs_at_end":15000,"active_scans_at_start":0,"active_scans_at_end":0,"load_active_at_start":false,"stack_attempted":false,"stack_captured":false}
    sync_index_count_load_diagnostic_test.go:371: SYNC_INDEX_PROBE {"call":17,"handler_duration_us":15,"observer_duration_us":18,"jobs_at_start":15000,"jobs_at_end":15000,"active_scans_at_start":0,"active_scans_at_end":0,"load_active_at_start":false,"stack_attempted":false,"stack_captured":false}
    sync_index_count_load_diagnostic_test.go:371: SYNC_INDEX_PROBE {"call":18,"handler_duration_us":2,"observer_duration_us":4,"jobs_at_start":15000,"jobs_at_end":15000,"active_scans_at_start":0,"active_scans_at_end":0,"load_active_at_start":false,"stack_attempted":false,"stack_captured":false}
    sync_index_count_load_diagnostic_test.go:371: SYNC_INDEX_PROBE {"call":19,"handler_duration_us":2,"observer_duration_us":4,"jobs_at_start":15000,"jobs_at_end":15000,"active_scans_at_start":0,"active_scans_at_end":0,"load_active_at_start":false,"stack_attempted":false,"stack_captured":false}
    sync_index_count_load_diagnostic_test.go:371: SYNC_INDEX_PROBE {"call":20,"handler_duration_us":2,"observer_duration_us":4,"jobs_at_start":15000,"jobs_at_end":15000,"active_scans_at_start":0,"active_scans_at_end":0,"load_active_at_start":false,"stack_attempted":false,"stack_captured":false}
    sync_index_count_load_diagnostic_test.go:371: SYNC_INDEX_PROBE {"call":21,"handler_duration_us":2,"observer_duration_us":4,"jobs_at_start":15000,"jobs_at_end":15000,"active_scans_at_start":0,"active_scans_at_end":0,"load_active_at_start":false,"stack_attempted":false,"stack_captured":false}
    sync_index_count_load_diagnostic_test.go:371: SYNC_INDEX_PROBE {"call":22,"handler_duration_us":2,"observer_duration_us":9,"jobs_at_start":15000,"jobs_at_end":15000,"active_scans_at_start":0,"active_scans_at_end":0,"load_active_at_start":false,"stack_attempted":false,"stack_captured":false}
    sync_index_count_load_diagnostic_test.go:371: SYNC_INDEX_PROBE {"call":23,"handler_duration_us":2,"observer_duration_us":4,"jobs_at_start":15000,"jobs_at_end":15000,"active_scans_at_start":0,"active_scans_at_end":0,"load_active_at_start":false,"stack_attempted":false,"stack_captured":false}
    sync_index_count_load_diagnostic_test.go:371: SYNC_INDEX_PROBE {"call":24,"handler_duration_us":2,"observer_duration_us":4,"jobs_at_start":15000,"jobs_at_end":15000,"active_scans_at_start":0,"active_scans_at_end":0,"load_active_at_start":false,"stack_attempted":false,"stack_captured":false}
    sync_index_count_load_diagnostic_test.go:371: SYNC_INDEX_PROBE {"call":25,"handler_duration_us":2,"observer_duration_us":4,"jobs_at_start":15000,"jobs_at_end":15000,"active_scans_at_start":0,"active_scans_at_end":0,"load_active_at_start":false,"stack_attempted":false,"stack_captured":false}
    sync_index_count_load_diagnostic_test.go:371: SYNC_INDEX_PROBE {"call":26,"handler_duration_us":2,"observer_duration_us":5,"jobs_at_start":15000,"jobs_at_end":15000,"active_scans_at_start":0,"active_scans_at_end":0,"load_active_at_start":false,"stack_attempted":false,"stack_captured":false}
    sync_index_count_load_diagnostic_test.go:371: SYNC_INDEX_PROBE {"call":27,"handler_duration_us":2,"observer_duration_us":4,"jobs_at_start":15000,"jobs_at_end":15000,"active_scans_at_start":0,"active_scans_at_end":0,"load_active_at_start":false,"stack_attempted":false,"stack_captured":false}
    sync_index_count_load_diagnostic_test.go:371: SYNC_INDEX_PROBE {"call":28,"handler_duration_us":2,"observer_duration_us":4,"jobs_at_start":15000,"jobs_at_end":15000,"active_scans_at_start":0,"active_scans_at_end":0,"load_active_at_start":false,"stack_attempted":false,"stack_captured":false}
    sync_index_count_load_diagnostic_test.go:371: SYNC_INDEX_PROBE {"call":29,"handler_duration_us":2,"observer_duration_us":4,"jobs_at_start":15000,"jobs_at_end":15000,"active_scans_at_start":0,"active_scans_at_end":0,"load_active_at_start":false,"stack_attempted":false,"stack_captured":false}
    sync_index_count_load_diagnostic_test.go:371: SYNC_INDEX_PROBE {"call":30,"handler_duration_us":2,"observer_duration_us":4,"jobs_at_start":15000,"jobs_at_end":15000,"active_scans_at_start":0,"active_scans_at_end":0,"load_active_at_start":false,"stack_attempted":false,"stack_captured":false}
    sync_index_count_load_diagnostic_test.go:371: SYNC_INDEX_PROBE {"call":31,"handler_duration_us":2,"observer_duration_us":4,"jobs_at_start":15000,"jobs_at_end":15000,"active_scans_at_start":0,"active_scans_at_end":0,"load_active_at_start":false,"stack_attempted":false,"stack_captured":false}
    sync_index_count_load_diagnostic_test.go:371: SYNC_INDEX_PROBE {"call":32,"handler_duration_us":2,"observer_duration_us":4,"jobs_at_start":15000,"jobs_at_end":15000,"active_scans_at_start":0,"active_scans_at_end":0,"load_active_at_start":false,"stack_attempted":false,"stack_captured":false}
    sync_index_count_load_diagnostic_test.go:399: SYNC_INDEX_SUMMARY {"arm":"memoized","estimated_user_cpu_seconds":0,"fixture_elapsed_ms":2169,"gomaxprocs":4,"jobs":15000,"jobs_completed":15000,"memoized_count":120000,"num_cpu":16,"probes_during_scans":0,"probes_under_load":3,"stack_after_ms":600000,"stack_capture_count":0,"sync_clean_max_us":16322,"sync_max_us":16322,"sync_p50_us":2,"sync_p95_us":11570,"sync_probes":32,"validator_count":120000,"work_elapsed_ms":38,"workers":6144}
--- PASS: TestDiagnosticWarmSyncIndexUnderCheckpointCountLoad (2.27s)
PASS
real 2.30
user 2.38
sys 0.09
