=== RUN   TestDiagnosticWarmSyncIndexUnderCheckpointCountLoad
    sync_index_count_load_diagnostic_test.go:261: SYNC_INDEX_PHASE arm=scan phase=work_released fixture_elapsed=2.155848048s workers=6144 jobs=15000 probes=32
    sync_index_count_load_diagnostic_test.go:350: SYNC_INDEX_PROBE {"call":1,"handler_duration_us":4689694,"observer_duration_us":4691187,"jobs_at_start":0,"jobs_at_end":2198,"active_scans_at_start":1,"active_scans_at_end":3,"load_active_at_start":true,"stack_attempted":false,"stack_captured":false}
    sync_index_count_load_diagnostic_test.go:350: SYNC_INDEX_PROBE {"call":2,"handler_duration_us":13448500,"observer_duration_us":13448510,"jobs_at_start":2198,"jobs_at_end":8339,"active_scans_at_start":3,"active_scans_at_end":3,"load_active_at_start":true,"stack_attempted":false,"stack_captured":false}
    sync_index_count_load_diagnostic_test.go:350: SYNC_INDEX_PROBE {"call":3,"handler_duration_us":13571680,"observer_duration_us":13571687,"jobs_at_start":8339,"jobs_at_end":14480,"active_scans_at_start":3,"active_scans_at_end":3,"load_active_at_start":true,"stack_attempted":false,"stack_captured":false}
    sync_index_count_load_diagnostic_test.go:350: SYNC_INDEX_PROBE {"call":4,"handler_duration_us":1157274,"observer_duration_us":1157283,"jobs_at_start":14480,"jobs_at_end":14997,"active_scans_at_start":3,"active_scans_at_end":3,"load_active_at_start":true,"stack_attempted":false,"stack_captured":false}
    sync_index_count_load_diagnostic_test.go:350: SYNC_INDEX_PROBE {"call":5,"handler_duration_us":10,"observer_duration_us":16,"jobs_at_start":14997,"jobs_at_end":14997,"active_scans_at_start":3,"active_scans_at_end":3,"load_active_at_start":true,"stack_attempted":false,"stack_captured":false}
    sync_index_count_load_diagnostic_test.go:350: SYNC_INDEX_PROBE {"call":6,"handler_duration_us":3,"observer_duration_us":4,"jobs_at_start":14997,"jobs_at_end":14997,"active_scans_at_start":3,"active_scans_at_end":3,"load_active_at_start":true,"stack_attempted":false,"stack_captured":false}
    sync_index_count_load_diagnostic_test.go:350: SYNC_INDEX_PROBE {"call":7,"handler_duration_us":3,"observer_duration_us":4,"jobs_at_start":14997,"jobs_at_end":14997,"active_scans_at_start":3,"active_scans_at_end":3,"load_active_at_start":true,"stack_attempted":false,"stack_captured":false}
    sync_index_count_load_diagnostic_test.go:350: SYNC_INDEX_PROBE {"call":8,"handler_duration_us":2,"observer_duration_us":3,"jobs_at_start":14997,"jobs_at_end":14997,"active_scans_at_start":3,"active_scans_at_end":3,"load_active_at_start":true,"stack_attempted":false,"stack_captured":false}
    sync_index_count_load_diagnostic_test.go:350: SYNC_INDEX_PROBE {"call":9,"handler_duration_us":2,"observer_duration_us":2,"jobs_at_start":14997,"jobs_at_end":14997,"active_scans_at_start":3,"active_scans_at_end":3,"load_active_at_start":true,"stack_attempted":false,"stack_captured":false}
    sync_index_count_load_diagnostic_test.go:350: SYNC_INDEX_PROBE {"call":10,"handler_duration_us":2,"observer_duration_us":3,"jobs_at_start":14997,"jobs_at_end":14997,"active_scans_at_start":3,"active_scans_at_end":3,"load_active_at_start":true,"stack_attempted":false,"stack_captured":false}
    sync_index_count_load_diagnostic_test.go:350: SYNC_INDEX_PROBE {"call":11,"handler_duration_us":2,"observer_duration_us":3,"jobs_at_start":14997,"jobs_at_end":14997,"active_scans_at_start":3,"active_scans_at_end":3,"load_active_at_start":true,"stack_attempted":false,"stack_captured":false}
    sync_index_count_load_diagnostic_test.go:350: SYNC_INDEX_PROBE {"call":12,"handler_duration_us":2,"observer_duration_us":2,"jobs_at_start":14997,"jobs_at_end":14997,"active_scans_at_start":3,"active_scans_at_end":3,"load_active_at_start":true,"stack_attempted":false,"stack_captured":false}
    sync_index_count_load_diagnostic_test.go:350: SYNC_INDEX_PROBE {"call":13,"handler_duration_us":3,"observer_duration_us":3,"jobs_at_start":14997,"jobs_at_end":14997,"active_scans_at_start":3,"active_scans_at_end":3,"load_active_at_start":true,"stack_attempted":false,"stack_captured":false}
    sync_index_count_load_diagnostic_test.go:350: SYNC_INDEX_PROBE {"call":14,"handler_duration_us":2,"observer_duration_us":2,"jobs_at_start":14997,"jobs_at_end":14997,"active_scans_at_start":3,"active_scans_at_end":3,"load_active_at_start":true,"stack_attempted":false,"stack_captured":false}
    sync_index_count_load_diagnostic_test.go:350: SYNC_INDEX_PROBE {"call":15,"handler_duration_us":2,"observer_duration_us":3,"jobs_at_start":14997,"jobs_at_end":14997,"active_scans_at_start":3,"active_scans_at_end":3,"load_active_at_start":true,"stack_attempted":false,"stack_captured":false}
    sync_index_count_load_diagnostic_test.go:350: SYNC_INDEX_PROBE {"call":16,"handler_duration_us":2,"observer_duration_us":2,"jobs_at_start":14997,"jobs_at_end":14997,"active_scans_at_start":3,"active_scans_at_end":3,"load_active_at_start":true,"stack_attempted":false,"stack_captured":false}
    sync_index_count_load_diagnostic_test.go:350: SYNC_INDEX_PROBE {"call":17,"handler_duration_us":2,"observer_duration_us":3,"jobs_at_start":14997,"jobs_at_end":14997,"active_scans_at_start":3,"active_scans_at_end":3,"load_active_at_start":true,"stack_attempted":false,"stack_captured":false}
    sync_index_count_load_diagnostic_test.go:350: SYNC_INDEX_PROBE {"call":18,"handler_duration_us":2,"observer_duration_us":2,"jobs_at_start":14997,"jobs_at_end":14997,"active_scans_at_start":3,"active_scans_at_end":3,"load_active_at_start":true,"stack_attempted":false,"stack_captured":false}
    sync_index_count_load_diagnostic_test.go:350: SYNC_INDEX_PROBE {"call":19,"handler_duration_us":1,"observer_duration_us":2,"jobs_at_start":14997,"jobs_at_end":14997,"active_scans_at_start":3,"active_scans_at_end":3,"load_active_at_start":true,"stack_attempted":false,"stack_captured":false}
    sync_index_count_load_diagnostic_test.go:350: SYNC_INDEX_PROBE {"call":20,"handler_duration_us":1,"observer_duration_us":2,"jobs_at_start":14997,"jobs_at_end":14997,"active_scans_at_start":3,"active_scans_at_end":3,"load_active_at_start":true,"stack_attempted":false,"stack_captured":false}
    sync_index_count_load_diagnostic_test.go:350: SYNC_INDEX_PROBE {"call":21,"handler_duration_us":2,"observer_duration_us":3,"jobs_at_start":14997,"jobs_at_end":14997,"active_scans_at_start":3,"active_scans_at_end":3,"load_active_at_start":true,"stack_attempted":false,"stack_captured":false}
    sync_index_count_load_diagnostic_test.go:350: SYNC_INDEX_PROBE {"call":22,"handler_duration_us":1,"observer_duration_us":2,"jobs_at_start":14997,"jobs_at_end":14997,"active_scans_at_start":3,"active_scans_at_end":3,"load_active_at_start":true,"stack_attempted":false,"stack_captured":false}
    sync_index_count_load_diagnostic_test.go:350: SYNC_INDEX_PROBE {"call":23,"handler_duration_us":2,"observer_duration_us":2,"jobs_at_start":14997,"jobs_at_end":14997,"active_scans_at_start":3,"active_scans_at_end":3,"load_active_at_start":true,"stack_attempted":false,"stack_captured":false}
    sync_index_count_load_diagnostic_test.go:350: SYNC_INDEX_PROBE {"call":24,"handler_duration_us":2,"observer_duration_us":2,"jobs_at_start":14997,"jobs_at_end":14997,"active_scans_at_start":3,"active_scans_at_end":3,"load_active_at_start":true,"stack_attempted":false,"stack_captured":false}
    sync_index_count_load_diagnostic_test.go:350: SYNC_INDEX_PROBE {"call":25,"handler_duration_us":1,"observer_duration_us":2,"jobs_at_start":14997,"jobs_at_end":14997,"active_scans_at_start":3,"active_scans_at_end":3,"load_active_at_start":true,"stack_attempted":false,"stack_captured":false}
    sync_index_count_load_diagnostic_test.go:350: SYNC_INDEX_PROBE {"call":26,"handler_duration_us":2,"observer_duration_us":3,"jobs_at_start":14997,"jobs_at_end":14997,"active_scans_at_start":3,"active_scans_at_end":3,"load_active_at_start":true,"stack_attempted":false,"stack_captured":false}
    sync_index_count_load_diagnostic_test.go:350: SYNC_INDEX_PROBE {"call":27,"handler_duration_us":1,"observer_duration_us":2,"jobs_at_start":14997,"jobs_at_end":14997,"active_scans_at_start":3,"active_scans_at_end":3,"load_active_at_start":true,"stack_attempted":false,"stack_captured":false}
    sync_index_count_load_diagnostic_test.go:350: SYNC_INDEX_PROBE {"call":28,"handler_duration_us":2,"observer_duration_us":5,"jobs_at_start":14997,"jobs_at_end":14997,"active_scans_at_start":3,"active_scans_at_end":3,"load_active_at_start":true,"stack_attempted":false,"stack_captured":false}
    sync_index_count_load_diagnostic_test.go:350: SYNC_INDEX_PROBE {"call":29,"handler_duration_us":2,"observer_duration_us":2,"jobs_at_start":14997,"jobs_at_end":14997,"active_scans_at_start":3,"active_scans_at_end":3,"load_active_at_start":true,"stack_attempted":false,"stack_captured":false}
    sync_index_count_load_diagnostic_test.go:350: SYNC_INDEX_PROBE {"call":30,"handler_duration_us":1,"observer_duration_us":2,"jobs_at_start":14997,"jobs_at_end":14997,"active_scans_at_start":3,"active_scans_at_end":3,"load_active_at_start":true,"stack_attempted":false,"stack_captured":false}
    sync_index_count_load_diagnostic_test.go:350: SYNC_INDEX_PROBE {"call":31,"handler_duration_us":2,"observer_duration_us":2,"jobs_at_start":14997,"jobs_at_end":14997,"active_scans_at_start":3,"active_scans_at_end":3,"load_active_at_start":true,"stack_attempted":false,"stack_captured":false}
    sync_index_count_load_diagnostic_test.go:350: SYNC_INDEX_PROBE {"call":32,"handler_duration_us":2,"observer_duration_us":2,"jobs_at_start":14997,"jobs_at_end":14997,"active_scans_at_start":3,"active_scans_at_end":3,"load_active_at_start":true,"stack_attempted":false,"stack_captured":false}
    sync_index_count_load_diagnostic_test.go:378: SYNC_INDEX_SUMMARY {"arm":"scan","estimated_user_cpu_seconds":0,"fixture_elapsed_ms":2155,"gomaxprocs":4,"jobs":15000,"jobs_completed":15000,"memoized_count":120000,"num_cpu":16,"probes_during_scans":32,"probes_under_load":32,"stack_after_ms":600000,"stack_capture_count":0,"sync_clean_max_us":13571680,"sync_max_us":13571680,"sync_p50_us":2,"sync_p95_us":13448500,"sync_probes":32,"validator_count":120000,"work_elapsed_ms":32872,"workers":6144}
--- PASS: TestDiagnosticWarmSyncIndexUnderCheckpointCountLoad (35.09s)
PASS
real 35.12
user 132.40
sys 0.14
