=== RUN   TestDiagnosticWarmSyncIndexUnderCheckpointCountLoad
    sync_index_count_load_diagnostic_test.go:261: SYNC_INDEX_PHASE arm=memoized phase=work_released fixture_elapsed=2.123611855s workers=256 jobs=4096 probes=32
    sync_index_count_load_diagnostic_test.go:350: SYNC_INDEX_PROBE {"call":1,"handler_duration_us":552,"observer_duration_us":874,"jobs_at_start":47,"jobs_at_end":260,"active_scans_at_start":0,"active_scans_at_end":0,"load_active_at_start":true,"stack_attempted":false,"stack_captured":false}
    sync_index_count_load_diagnostic_test.go:350: SYNC_INDEX_PROBE {"call":2,"handler_duration_us":344,"observer_duration_us":349,"jobs_at_start":287,"jobs_at_end":547,"active_scans_at_start":0,"active_scans_at_end":0,"load_active_at_start":true,"stack_attempted":false,"stack_captured":false}
    sync_index_count_load_diagnostic_test.go:350: SYNC_INDEX_PROBE {"call":3,"handler_duration_us":243,"observer_duration_us":246,"jobs_at_start":553,"jobs_at_end":813,"active_scans_at_start":0,"active_scans_at_end":0,"load_active_at_start":true,"stack_attempted":false,"stack_captured":false}
    sync_index_count_load_diagnostic_test.go:350: SYNC_INDEX_PROBE {"call":4,"handler_duration_us":255,"observer_duration_us":257,"jobs_at_start":813,"jobs_at_end":1069,"active_scans_at_start":0,"active_scans_at_end":0,"load_active_at_start":true,"stack_attempted":false,"stack_captured":false}
    sync_index_count_load_diagnostic_test.go:350: SYNC_INDEX_PROBE {"call":5,"handler_duration_us":224,"observer_duration_us":225,"jobs_at_start":1069,"jobs_at_end":1325,"active_scans_at_start":0,"active_scans_at_end":0,"load_active_at_start":true,"stack_attempted":false,"stack_captured":false}
    sync_index_count_load_diagnostic_test.go:350: SYNC_INDEX_PROBE {"call":6,"handler_duration_us":244,"observer_duration_us":245,"jobs_at_start":1325,"jobs_at_end":1581,"active_scans_at_start":0,"active_scans_at_end":0,"load_active_at_start":true,"stack_attempted":false,"stack_captured":false}
    sync_index_count_load_diagnostic_test.go:350: SYNC_INDEX_PROBE {"call":7,"handler_duration_us":273,"observer_duration_us":276,"jobs_at_start":1582,"jobs_at_end":1839,"active_scans_at_start":0,"active_scans_at_end":0,"load_active_at_start":true,"stack_attempted":false,"stack_captured":false}
    sync_index_count_load_diagnostic_test.go:350: SYNC_INDEX_PROBE {"call":8,"handler_duration_us":227,"observer_duration_us":228,"jobs_at_start":1839,"jobs_at_end":2095,"active_scans_at_start":0,"active_scans_at_end":0,"load_active_at_start":true,"stack_attempted":false,"stack_captured":false}
    sync_index_count_load_diagnostic_test.go:350: SYNC_INDEX_PROBE {"call":9,"handler_duration_us":237,"observer_duration_us":238,"jobs_at_start":2095,"jobs_at_end":2351,"active_scans_at_start":0,"active_scans_at_end":0,"load_active_at_start":true,"stack_attempted":false,"stack_captured":false}
    sync_index_count_load_diagnostic_test.go:350: SYNC_INDEX_PROBE {"call":10,"handler_duration_us":235,"observer_duration_us":237,"jobs_at_start":2351,"jobs_at_end":2607,"active_scans_at_start":0,"active_scans_at_end":0,"load_active_at_start":true,"stack_attempted":false,"stack_captured":false}
    sync_index_count_load_diagnostic_test.go:350: SYNC_INDEX_PROBE {"call":11,"handler_duration_us":237,"observer_duration_us":239,"jobs_at_start":2607,"jobs_at_end":2863,"active_scans_at_start":0,"active_scans_at_end":0,"load_active_at_start":true,"stack_attempted":false,"stack_captured":false}
    sync_index_count_load_diagnostic_test.go:350: SYNC_INDEX_PROBE {"call":12,"handler_duration_us":531,"observer_duration_us":535,"jobs_at_start":2865,"jobs_at_end":3121,"active_scans_at_start":0,"active_scans_at_end":0,"load_active_at_start":true,"stack_attempted":false,"stack_captured":false}
    sync_index_count_load_diagnostic_test.go:350: SYNC_INDEX_PROBE {"call":13,"handler_duration_us":251,"observer_duration_us":256,"jobs_at_start":3143,"jobs_at_end":3404,"active_scans_at_start":0,"active_scans_at_end":0,"load_active_at_start":true,"stack_attempted":false,"stack_captured":false}
    sync_index_count_load_diagnostic_test.go:350: SYNC_INDEX_PROBE {"call":14,"handler_duration_us":274,"observer_duration_us":275,"jobs_at_start":3408,"jobs_at_end":3665,"active_scans_at_start":0,"active_scans_at_end":0,"load_active_at_start":true,"stack_attempted":false,"stack_captured":false}
    sync_index_count_load_diagnostic_test.go:350: SYNC_INDEX_PROBE {"call":15,"handler_duration_us":208,"observer_duration_us":210,"jobs_at_start":3665,"jobs_at_end":3921,"active_scans_at_start":0,"active_scans_at_end":0,"load_active_at_start":true,"stack_attempted":false,"stack_captured":false}
    sync_index_count_load_diagnostic_test.go:350: SYNC_INDEX_PROBE {"call":16,"handler_duration_us":74,"observer_duration_us":75,"jobs_at_start":3921,"jobs_at_end":4096,"active_scans_at_start":0,"active_scans_at_end":0,"load_active_at_start":true,"stack_attempted":false,"stack_captured":false}
    sync_index_count_load_diagnostic_test.go:350: SYNC_INDEX_PROBE {"call":17,"handler_duration_us":2,"observer_duration_us":3,"jobs_at_start":4096,"jobs_at_end":4096,"active_scans_at_start":0,"active_scans_at_end":0,"load_active_at_start":false,"stack_attempted":false,"stack_captured":false}
    sync_index_count_load_diagnostic_test.go:350: SYNC_INDEX_PROBE {"call":18,"handler_duration_us":1,"observer_duration_us":2,"jobs_at_start":4096,"jobs_at_end":4096,"active_scans_at_start":0,"active_scans_at_end":0,"load_active_at_start":false,"stack_attempted":false,"stack_captured":false}
    sync_index_count_load_diagnostic_test.go:350: SYNC_INDEX_PROBE {"call":19,"handler_duration_us":1,"observer_duration_us":2,"jobs_at_start":4096,"jobs_at_end":4096,"active_scans_at_start":0,"active_scans_at_end":0,"load_active_at_start":false,"stack_attempted":false,"stack_captured":false}
    sync_index_count_load_diagnostic_test.go:350: SYNC_INDEX_PROBE {"call":20,"handler_duration_us":1,"observer_duration_us":2,"jobs_at_start":4096,"jobs_at_end":4096,"active_scans_at_start":0,"active_scans_at_end":0,"load_active_at_start":false,"stack_attempted":false,"stack_captured":false}
    sync_index_count_load_diagnostic_test.go:350: SYNC_INDEX_PROBE {"call":21,"handler_duration_us":1,"observer_duration_us":2,"jobs_at_start":4096,"jobs_at_end":4096,"active_scans_at_start":0,"active_scans_at_end":0,"load_active_at_start":false,"stack_attempted":false,"stack_captured":false}
    sync_index_count_load_diagnostic_test.go:350: SYNC_INDEX_PROBE {"call":22,"handler_duration_us":1,"observer_duration_us":3,"jobs_at_start":4096,"jobs_at_end":4096,"active_scans_at_start":0,"active_scans_at_end":0,"load_active_at_start":false,"stack_attempted":false,"stack_captured":false}
    sync_index_count_load_diagnostic_test.go:350: SYNC_INDEX_PROBE {"call":23,"handler_duration_us":2,"observer_duration_us":4,"jobs_at_start":4096,"jobs_at_end":4096,"active_scans_at_start":0,"active_scans_at_end":0,"load_active_at_start":false,"stack_attempted":false,"stack_captured":false}
    sync_index_count_load_diagnostic_test.go:350: SYNC_INDEX_PROBE {"call":24,"handler_duration_us":1,"observer_duration_us":4,"jobs_at_start":4096,"jobs_at_end":4096,"active_scans_at_start":0,"active_scans_at_end":0,"load_active_at_start":false,"stack_attempted":false,"stack_captured":false}
    sync_index_count_load_diagnostic_test.go:350: SYNC_INDEX_PROBE {"call":25,"handler_duration_us":2,"observer_duration_us":4,"jobs_at_start":4096,"jobs_at_end":4096,"active_scans_at_start":0,"active_scans_at_end":0,"load_active_at_start":false,"stack_attempted":false,"stack_captured":false}
    sync_index_count_load_diagnostic_test.go:350: SYNC_INDEX_PROBE {"call":26,"handler_duration_us":1,"observer_duration_us":4,"jobs_at_start":4096,"jobs_at_end":4096,"active_scans_at_start":0,"active_scans_at_end":0,"load_active_at_start":false,"stack_attempted":false,"stack_captured":false}
    sync_index_count_load_diagnostic_test.go:350: SYNC_INDEX_PROBE {"call":27,"handler_duration_us":2,"observer_duration_us":4,"jobs_at_start":4096,"jobs_at_end":4096,"active_scans_at_start":0,"active_scans_at_end":0,"load_active_at_start":false,"stack_attempted":false,"stack_captured":false}
    sync_index_count_load_diagnostic_test.go:350: SYNC_INDEX_PROBE {"call":28,"handler_duration_us":1,"observer_duration_us":4,"jobs_at_start":4096,"jobs_at_end":4096,"active_scans_at_start":0,"active_scans_at_end":0,"load_active_at_start":false,"stack_attempted":false,"stack_captured":false}
    sync_index_count_load_diagnostic_test.go:350: SYNC_INDEX_PROBE {"call":29,"handler_duration_us":2,"observer_duration_us":4,"jobs_at_start":4096,"jobs_at_end":4096,"active_scans_at_start":0,"active_scans_at_end":0,"load_active_at_start":false,"stack_attempted":false,"stack_captured":false}
    sync_index_count_load_diagnostic_test.go:350: SYNC_INDEX_PROBE {"call":30,"handler_duration_us":1,"observer_duration_us":4,"jobs_at_start":4096,"jobs_at_end":4096,"active_scans_at_start":0,"active_scans_at_end":0,"load_active_at_start":false,"stack_attempted":false,"stack_captured":false}
    sync_index_count_load_diagnostic_test.go:350: SYNC_INDEX_PROBE {"call":31,"handler_duration_us":1,"observer_duration_us":4,"jobs_at_start":4096,"jobs_at_end":4096,"active_scans_at_start":0,"active_scans_at_end":0,"load_active_at_start":false,"stack_attempted":false,"stack_captured":false}
    sync_index_count_load_diagnostic_test.go:350: SYNC_INDEX_PROBE {"call":32,"handler_duration_us":2,"observer_duration_us":4,"jobs_at_start":4096,"jobs_at_end":4096,"active_scans_at_start":0,"active_scans_at_end":0,"load_active_at_start":false,"stack_attempted":false,"stack_captured":false}
    sync_index_count_load_diagnostic_test.go:378: SYNC_INDEX_SUMMARY {"arm":"memoized","estimated_user_cpu_seconds":0,"fixture_elapsed_ms":2123,"gomaxprocs":4,"jobs":4096,"jobs_completed":4096,"memoized_count":120000,"num_cpu":16,"probes_during_scans":0,"probes_under_load":16,"stack_after_ms":25,"stack_capture_count":0,"sync_clean_max_us":552,"sync_max_us":552,"sync_p50_us":2,"sync_p95_us":531,"sync_probes":32,"validator_count":120000,"work_elapsed_ms":5,"workers":256}
--- PASS: TestDiagnosticWarmSyncIndexUnderCheckpointCountLoad (2.19s)
PASS
real 2.21
user 2.30
sys 0.07
