=== RUN   TestDiagnosticWarmSyncIndexUnderCheckpointCountLoad
    sync_index_count_load_diagnostic_test.go:261: SYNC_INDEX_PHASE arm=scan phase=work_released fixture_elapsed=2.164196595s workers=256 jobs=4096 probes=32
    sync_index_count_load_diagnostic_test.go:350: SYNC_INDEX_PROBE {"call":1,"handler_duration_us":11,"observer_duration_us":266,"jobs_at_start":0,"jobs_at_end":0,"active_scans_at_start":2,"active_scans_at_end":2,"load_active_at_start":true,"stack_attempted":false,"stack_captured":false}
    sync_index_count_load_diagnostic_test.go:350: SYNC_INDEX_PROBE {"call":2,"handler_duration_us":28,"observer_duration_us":39,"jobs_at_start":128,"jobs_at_end":128,"active_scans_at_start":3,"active_scans_at_end":3,"load_active_at_start":true,"stack_attempted":false,"stack_captured":false}
    sync_index_count_load_diagnostic_test.go:350: SYNC_INDEX_PROBE {"call":3,"handler_duration_us":25,"observer_duration_us":34,"jobs_at_start":256,"jobs_at_end":256,"active_scans_at_start":3,"active_scans_at_end":3,"load_active_at_start":true,"stack_attempted":false,"stack_captured":false}
    sync_index_count_load_diagnostic_test.go:350: SYNC_INDEX_PROBE {"call":4,"handler_duration_us":23,"observer_duration_us":33,"jobs_at_start":384,"jobs_at_end":384,"active_scans_at_start":3,"active_scans_at_end":3,"load_active_at_start":true,"stack_attempted":false,"stack_captured":false}
    sync_index_count_load_diagnostic_test.go:350: SYNC_INDEX_PROBE {"call":5,"handler_duration_us":20,"observer_duration_us":28,"jobs_at_start":512,"jobs_at_end":512,"active_scans_at_start":3,"active_scans_at_end":3,"load_active_at_start":true,"stack_attempted":false,"stack_captured":false}
    sync_index_count_load_diagnostic_test.go:350: SYNC_INDEX_PROBE {"call":6,"handler_duration_us":18,"observer_duration_us":26,"jobs_at_start":640,"jobs_at_end":640,"active_scans_at_start":3,"active_scans_at_end":3,"load_active_at_start":true,"stack_attempted":false,"stack_captured":false}
    sync_index_count_load_diagnostic_test.go:350: SYNC_INDEX_PROBE {"call":7,"handler_duration_us":21,"observer_duration_us":30,"jobs_at_start":768,"jobs_at_end":768,"active_scans_at_start":3,"active_scans_at_end":3,"load_active_at_start":true,"stack_attempted":false,"stack_captured":false}
    sync_index_count_load_diagnostic_test.go:350: SYNC_INDEX_PROBE {"call":8,"handler_duration_us":18,"observer_duration_us":25,"jobs_at_start":896,"jobs_at_end":896,"active_scans_at_start":2,"active_scans_at_end":2,"load_active_at_start":true,"stack_attempted":false,"stack_captured":false}
    sync_index_count_load_diagnostic_test.go:350: SYNC_INDEX_PROBE {"call":9,"handler_duration_us":17,"observer_duration_us":25,"jobs_at_start":1024,"jobs_at_end":1024,"active_scans_at_start":3,"active_scans_at_end":3,"load_active_at_start":true,"stack_attempted":false,"stack_captured":false}
    sync_index_count_load_diagnostic_test.go:350: SYNC_INDEX_PROBE {"call":10,"handler_duration_us":18,"observer_duration_us":27,"jobs_at_start":1152,"jobs_at_end":1152,"active_scans_at_start":3,"active_scans_at_end":3,"load_active_at_start":true,"stack_attempted":false,"stack_captured":false}
    sync_index_count_load_diagnostic_test.go:350: SYNC_INDEX_PROBE {"call":11,"handler_duration_us":17,"observer_duration_us":24,"jobs_at_start":1280,"jobs_at_end":1280,"active_scans_at_start":2,"active_scans_at_end":2,"load_active_at_start":true,"stack_attempted":false,"stack_captured":false}
    sync_index_count_load_diagnostic_test.go:350: SYNC_INDEX_PROBE {"call":12,"handler_duration_us":19,"observer_duration_us":28,"jobs_at_start":1408,"jobs_at_end":1408,"active_scans_at_start":3,"active_scans_at_end":3,"load_active_at_start":true,"stack_attempted":false,"stack_captured":false}
    sync_index_count_load_diagnostic_test.go:350: SYNC_INDEX_PROBE {"call":13,"handler_duration_us":17,"observer_duration_us":25,"jobs_at_start":1536,"jobs_at_end":1536,"active_scans_at_start":3,"active_scans_at_end":3,"load_active_at_start":true,"stack_attempted":false,"stack_captured":false}
    sync_index_count_load_diagnostic_test.go:350: SYNC_INDEX_PROBE {"call":14,"handler_duration_us":18,"observer_duration_us":27,"jobs_at_start":1664,"jobs_at_end":1664,"active_scans_at_start":3,"active_scans_at_end":3,"load_active_at_start":true,"stack_attempted":false,"stack_captured":false}
    sync_index_count_load_diagnostic_test.go:350: SYNC_INDEX_PROBE {"call":15,"handler_duration_us":22,"observer_duration_us":30,"jobs_at_start":1792,"jobs_at_end":1792,"active_scans_at_start":3,"active_scans_at_end":3,"load_active_at_start":true,"stack_attempted":false,"stack_captured":false}
    sync_index_count_load_diagnostic_test.go:350: SYNC_INDEX_PROBE {"call":16,"handler_duration_us":21,"observer_duration_us":31,"jobs_at_start":1920,"jobs_at_end":1920,"active_scans_at_start":3,"active_scans_at_end":3,"load_active_at_start":true,"stack_attempted":false,"stack_captured":false}
    sync_index_count_load_diagnostic_test.go:350: SYNC_INDEX_PROBE {"call":17,"handler_duration_us":19,"observer_duration_us":27,"jobs_at_start":2048,"jobs_at_end":2048,"active_scans_at_start":3,"active_scans_at_end":3,"load_active_at_start":true,"stack_attempted":false,"stack_captured":false}
    sync_index_count_load_diagnostic_test.go:350: SYNC_INDEX_PROBE {"call":18,"handler_duration_us":17,"observer_duration_us":25,"jobs_at_start":2176,"jobs_at_end":2176,"active_scans_at_start":3,"active_scans_at_end":3,"load_active_at_start":true,"stack_attempted":false,"stack_captured":false}
    sync_index_count_load_diagnostic_test.go:350: SYNC_INDEX_PROBE {"call":19,"handler_duration_us":17,"observer_duration_us":25,"jobs_at_start":2304,"jobs_at_end":2304,"active_scans_at_start":3,"active_scans_at_end":3,"load_active_at_start":true,"stack_attempted":false,"stack_captured":false}
    sync_index_count_load_diagnostic_test.go:350: SYNC_INDEX_PROBE {"call":20,"handler_duration_us":18,"observer_duration_us":26,"jobs_at_start":2432,"jobs_at_end":2432,"active_scans_at_start":3,"active_scans_at_end":3,"load_active_at_start":true,"stack_attempted":false,"stack_captured":false}
    sync_index_count_load_diagnostic_test.go:350: SYNC_INDEX_PROBE {"call":21,"handler_duration_us":20,"observer_duration_us":28,"jobs_at_start":2560,"jobs_at_end":2560,"active_scans_at_start":3,"active_scans_at_end":3,"load_active_at_start":true,"stack_attempted":false,"stack_captured":false}
    sync_index_count_load_diagnostic_test.go:350: SYNC_INDEX_PROBE {"call":22,"handler_duration_us":19,"observer_duration_us":27,"jobs_at_start":2688,"jobs_at_end":2688,"active_scans_at_start":3,"active_scans_at_end":3,"load_active_at_start":true,"stack_attempted":false,"stack_captured":false}
    sync_index_count_load_diagnostic_test.go:350: SYNC_INDEX_PROBE {"call":23,"handler_duration_us":21,"observer_duration_us":29,"jobs_at_start":2816,"jobs_at_end":2816,"active_scans_at_start":3,"active_scans_at_end":3,"load_active_at_start":true,"stack_attempted":false,"stack_captured":false}
    sync_index_count_load_diagnostic_test.go:350: SYNC_INDEX_PROBE {"call":24,"handler_duration_us":19,"observer_duration_us":27,"jobs_at_start":2944,"jobs_at_end":2944,"active_scans_at_start":3,"active_scans_at_end":3,"load_active_at_start":true,"stack_attempted":false,"stack_captured":false}
    sync_index_count_load_diagnostic_test.go:350: SYNC_INDEX_PROBE {"call":25,"handler_duration_us":18,"observer_duration_us":25,"jobs_at_start":3072,"jobs_at_end":3072,"active_scans_at_start":3,"active_scans_at_end":3,"load_active_at_start":true,"stack_attempted":false,"stack_captured":false}
    sync_index_count_load_diagnostic_test.go:350: SYNC_INDEX_PROBE {"call":26,"handler_duration_us":22,"observer_duration_us":30,"jobs_at_start":3200,"jobs_at_end":3200,"active_scans_at_start":3,"active_scans_at_end":3,"load_active_at_start":true,"stack_attempted":false,"stack_captured":false}
    sync_index_count_load_diagnostic_test.go:350: SYNC_INDEX_PROBE {"call":27,"handler_duration_us":18,"observer_duration_us":26,"jobs_at_start":3328,"jobs_at_end":3328,"active_scans_at_start":3,"active_scans_at_end":3,"load_active_at_start":true,"stack_attempted":false,"stack_captured":false}
    sync_index_count_load_diagnostic_test.go:350: SYNC_INDEX_PROBE {"call":28,"handler_duration_us":19,"observer_duration_us":28,"jobs_at_start":3456,"jobs_at_end":3456,"active_scans_at_start":3,"active_scans_at_end":3,"load_active_at_start":true,"stack_attempted":false,"stack_captured":false}
    sync_index_count_load_diagnostic_test.go:350: SYNC_INDEX_PROBE {"call":29,"handler_duration_us":17,"observer_duration_us":25,"jobs_at_start":3584,"jobs_at_end":3584,"active_scans_at_start":3,"active_scans_at_end":3,"load_active_at_start":true,"stack_attempted":false,"stack_captured":false}
    sync_index_count_load_diagnostic_test.go:350: SYNC_INDEX_PROBE {"call":30,"handler_duration_us":18,"observer_duration_us":26,"jobs_at_start":3712,"jobs_at_end":3712,"active_scans_at_start":3,"active_scans_at_end":3,"load_active_at_start":true,"stack_attempted":false,"stack_captured":false}
    sync_index_count_load_diagnostic_test.go:350: SYNC_INDEX_PROBE {"call":31,"handler_duration_us":17,"observer_duration_us":24,"jobs_at_start":3840,"jobs_at_end":3840,"active_scans_at_start":3,"active_scans_at_end":3,"load_active_at_start":true,"stack_attempted":false,"stack_captured":false}
    sync_index_count_load_diagnostic_test.go:350: SYNC_INDEX_PROBE {"call":32,"handler_duration_us":20,"observer_duration_us":27,"jobs_at_start":3968,"jobs_at_end":3968,"active_scans_at_start":3,"active_scans_at_end":3,"load_active_at_start":true,"stack_attempted":false,"stack_captured":false}
    sync_index_count_load_diagnostic_test.go:378: SYNC_INDEX_SUMMARY {"arm":"scan","estimated_user_cpu_seconds":0,"fixture_elapsed_ms":2164,"gomaxprocs":4,"jobs":4096,"jobs_completed":4096,"memoized_count":120000,"num_cpu":16,"probes_during_scans":32,"probes_under_load":32,"stack_after_ms":600000,"stack_capture_count":0,"sync_clean_max_us":28,"sync_max_us":28,"sync_p50_us":18,"sync_p95_us":25,"sync_probes":32,"validator_count":120000,"work_elapsed_ms":8730,"workers":256}
--- PASS: TestDiagnosticWarmSyncIndexUnderCheckpointCountLoad (10.95s)
PASS
real 10.98
user 36.85
sys 0.10
