=== RUN   TestDiagnosticWarmSyncIndexUnderCheckpointCountLoad
    sync_index_count_load_diagnostic_test.go:261: SYNC_INDEX_PHASE arm=memoized phase=work_released fixture_elapsed=2.110511839s workers=256 jobs=4096 probes=32
    sync_index_count_load_diagnostic_test.go:350: SYNC_INDEX_PROBE {"call":1,"handler_duration_us":338,"observer_duration_us":477,"jobs_at_start":54,"jobs_at_end":119,"active_scans_at_start":0,"active_scans_at_end":0,"load_active_at_start":true,"stack_attempted":false,"stack_captured":false}
    sync_index_count_load_diagnostic_test.go:350: SYNC_INDEX_PROBE {"call":2,"handler_duration_us":514,"observer_duration_us":520,"jobs_at_start":133,"jobs_at_end":391,"active_scans_at_start":0,"active_scans_at_end":0,"load_active_at_start":true,"stack_attempted":false,"stack_captured":false}
    sync_index_count_load_diagnostic_test.go:350: SYNC_INDEX_PROBE {"call":3,"handler_duration_us":268,"observer_duration_us":271,"jobs_at_start":393,"jobs_at_end":652,"active_scans_at_start":0,"active_scans_at_end":0,"load_active_at_start":true,"stack_attempted":false,"stack_captured":false}
    sync_index_count_load_diagnostic_test.go:350: SYNC_INDEX_PROBE {"call":4,"handler_duration_us":269,"observer_duration_us":272,"jobs_at_start":652,"jobs_at_end":908,"active_scans_at_start":0,"active_scans_at_end":0,"load_active_at_start":true,"stack_attempted":false,"stack_captured":false}
    sync_index_count_load_diagnostic_test.go:350: SYNC_INDEX_PROBE {"call":5,"handler_duration_us":260,"observer_duration_us":264,"jobs_at_start":908,"jobs_at_end":1164,"active_scans_at_start":0,"active_scans_at_end":0,"load_active_at_start":true,"stack_attempted":false,"stack_captured":false}
    sync_index_count_load_diagnostic_test.go:350: SYNC_INDEX_PROBE {"call":6,"handler_duration_us":549,"observer_duration_us":554,"jobs_at_start":1165,"jobs_at_end":1422,"active_scans_at_start":0,"active_scans_at_end":0,"load_active_at_start":true,"stack_attempted":false,"stack_captured":false}
    sync_index_count_load_diagnostic_test.go:350: SYNC_INDEX_PROBE {"call":7,"handler_duration_us":259,"observer_duration_us":263,"jobs_at_start":1443,"jobs_at_end":1707,"active_scans_at_start":0,"active_scans_at_end":0,"load_active_at_start":true,"stack_attempted":false,"stack_captured":false}
    sync_index_count_load_diagnostic_test.go:350: SYNC_INDEX_PROBE {"call":8,"handler_duration_us":542,"observer_duration_us":546,"jobs_at_start":1707,"jobs_at_end":1963,"active_scans_at_start":0,"active_scans_at_end":0,"load_active_at_start":true,"stack_attempted":false,"stack_captured":false}
    sync_index_count_load_diagnostic_test.go:350: SYNC_INDEX_PROBE {"call":9,"handler_duration_us":263,"observer_duration_us":267,"jobs_at_start":1963,"jobs_at_end":2219,"active_scans_at_start":0,"active_scans_at_end":0,"load_active_at_start":true,"stack_attempted":false,"stack_captured":false}
    sync_index_count_load_diagnostic_test.go:350: SYNC_INDEX_PROBE {"call":10,"handler_duration_us":221,"observer_duration_us":223,"jobs_at_start":2219,"jobs_at_end":2475,"active_scans_at_start":0,"active_scans_at_end":0,"load_active_at_start":true,"stack_attempted":false,"stack_captured":false}
    sync_index_count_load_diagnostic_test.go:350: SYNC_INDEX_PROBE {"call":11,"handler_duration_us":221,"observer_duration_us":223,"jobs_at_start":2475,"jobs_at_end":2731,"active_scans_at_start":0,"active_scans_at_end":0,"load_active_at_start":true,"stack_attempted":false,"stack_captured":false}
    sync_index_count_load_diagnostic_test.go:350: SYNC_INDEX_PROBE {"call":12,"handler_duration_us":227,"observer_duration_us":228,"jobs_at_start":2731,"jobs_at_end":2987,"active_scans_at_start":0,"active_scans_at_end":0,"load_active_at_start":true,"stack_attempted":false,"stack_captured":false}
    sync_index_count_load_diagnostic_test.go:350: SYNC_INDEX_PROBE {"call":13,"handler_duration_us":232,"observer_duration_us":234,"jobs_at_start":2993,"jobs_at_end":3252,"active_scans_at_start":0,"active_scans_at_end":0,"load_active_at_start":true,"stack_attempted":false,"stack_captured":false}
    sync_index_count_load_diagnostic_test.go:350: SYNC_INDEX_PROBE {"call":14,"handler_duration_us":565,"observer_duration_us":570,"jobs_at_start":3252,"jobs_at_end":3508,"active_scans_at_start":0,"active_scans_at_end":0,"load_active_at_start":true,"stack_attempted":false,"stack_captured":false}
    sync_index_count_load_diagnostic_test.go:350: SYNC_INDEX_PROBE {"call":15,"handler_duration_us":548,"observer_duration_us":553,"jobs_at_start":3508,"jobs_at_end":3764,"active_scans_at_start":0,"active_scans_at_end":0,"load_active_at_start":true,"stack_attempted":false,"stack_captured":false}
    sync_index_count_load_diagnostic_test.go:350: SYNC_INDEX_PROBE {"call":16,"handler_duration_us":172,"observer_duration_us":173,"jobs_at_start":3764,"jobs_at_end":4020,"active_scans_at_start":0,"active_scans_at_end":0,"load_active_at_start":true,"stack_attempted":false,"stack_captured":false}
    sync_index_count_load_diagnostic_test.go:350: SYNC_INDEX_PROBE {"call":17,"handler_duration_us":22,"observer_duration_us":24,"jobs_at_start":4020,"jobs_at_end":4096,"active_scans_at_start":0,"active_scans_at_end":0,"load_active_at_start":true,"stack_attempted":false,"stack_captured":false}
    sync_index_count_load_diagnostic_test.go:350: SYNC_INDEX_PROBE {"call":18,"handler_duration_us":3,"observer_duration_us":4,"jobs_at_start":4096,"jobs_at_end":4096,"active_scans_at_start":0,"active_scans_at_end":0,"load_active_at_start":false,"stack_attempted":false,"stack_captured":false}
    sync_index_count_load_diagnostic_test.go:350: SYNC_INDEX_PROBE {"call":19,"handler_duration_us":4,"observer_duration_us":10,"jobs_at_start":4096,"jobs_at_end":4096,"active_scans_at_start":0,"active_scans_at_end":0,"load_active_at_start":false,"stack_attempted":false,"stack_captured":false}
    sync_index_count_load_diagnostic_test.go:350: SYNC_INDEX_PROBE {"call":20,"handler_duration_us":1,"observer_duration_us":5,"jobs_at_start":4096,"jobs_at_end":4096,"active_scans_at_start":0,"active_scans_at_end":0,"load_active_at_start":false,"stack_attempted":false,"stack_captured":false}
    sync_index_count_load_diagnostic_test.go:350: SYNC_INDEX_PROBE {"call":21,"handler_duration_us":1,"observer_duration_us":5,"jobs_at_start":4096,"jobs_at_end":4096,"active_scans_at_start":0,"active_scans_at_end":0,"load_active_at_start":false,"stack_attempted":false,"stack_captured":false}
    sync_index_count_load_diagnostic_test.go:350: SYNC_INDEX_PROBE {"call":22,"handler_duration_us":1,"observer_duration_us":3,"jobs_at_start":4096,"jobs_at_end":4096,"active_scans_at_start":0,"active_scans_at_end":0,"load_active_at_start":false,"stack_attempted":false,"stack_captured":false}
    sync_index_count_load_diagnostic_test.go:350: SYNC_INDEX_PROBE {"call":23,"handler_duration_us":1,"observer_duration_us":3,"jobs_at_start":4096,"jobs_at_end":4096,"active_scans_at_start":0,"active_scans_at_end":0,"load_active_at_start":false,"stack_attempted":false,"stack_captured":false}
    sync_index_count_load_diagnostic_test.go:350: SYNC_INDEX_PROBE {"call":24,"handler_duration_us":1,"observer_duration_us":5,"jobs_at_start":4096,"jobs_at_end":4096,"active_scans_at_start":0,"active_scans_at_end":0,"load_active_at_start":false,"stack_attempted":false,"stack_captured":false}
    sync_index_count_load_diagnostic_test.go:350: SYNC_INDEX_PROBE {"call":25,"handler_duration_us":1,"observer_duration_us":5,"jobs_at_start":4096,"jobs_at_end":4096,"active_scans_at_start":0,"active_scans_at_end":0,"load_active_at_start":false,"stack_attempted":false,"stack_captured":false}
    sync_index_count_load_diagnostic_test.go:350: SYNC_INDEX_PROBE {"call":26,"handler_duration_us":1,"observer_duration_us":5,"jobs_at_start":4096,"jobs_at_end":4096,"active_scans_at_start":0,"active_scans_at_end":0,"load_active_at_start":false,"stack_attempted":false,"stack_captured":false}
    sync_index_count_load_diagnostic_test.go:350: SYNC_INDEX_PROBE {"call":27,"handler_duration_us":1,"observer_duration_us":5,"jobs_at_start":4096,"jobs_at_end":4096,"active_scans_at_start":0,"active_scans_at_end":0,"load_active_at_start":false,"stack_attempted":false,"stack_captured":false}
    sync_index_count_load_diagnostic_test.go:350: SYNC_INDEX_PROBE {"call":28,"handler_duration_us":1,"observer_duration_us":5,"jobs_at_start":4096,"jobs_at_end":4096,"active_scans_at_start":0,"active_scans_at_end":0,"load_active_at_start":false,"stack_attempted":false,"stack_captured":false}
    sync_index_count_load_diagnostic_test.go:350: SYNC_INDEX_PROBE {"call":29,"handler_duration_us":1,"observer_duration_us":5,"jobs_at_start":4096,"jobs_at_end":4096,"active_scans_at_start":0,"active_scans_at_end":0,"load_active_at_start":false,"stack_attempted":false,"stack_captured":false}
    sync_index_count_load_diagnostic_test.go:350: SYNC_INDEX_PROBE {"call":30,"handler_duration_us":1,"observer_duration_us":5,"jobs_at_start":4096,"jobs_at_end":4096,"active_scans_at_start":0,"active_scans_at_end":0,"load_active_at_start":false,"stack_attempted":false,"stack_captured":false}
    sync_index_count_load_diagnostic_test.go:350: SYNC_INDEX_PROBE {"call":31,"handler_duration_us":2,"observer_duration_us":5,"jobs_at_start":4096,"jobs_at_end":4096,"active_scans_at_start":0,"active_scans_at_end":0,"load_active_at_start":false,"stack_attempted":false,"stack_captured":false}
    sync_index_count_load_diagnostic_test.go:350: SYNC_INDEX_PROBE {"call":32,"handler_duration_us":2,"observer_duration_us":5,"jobs_at_start":4096,"jobs_at_end":4096,"active_scans_at_start":0,"active_scans_at_end":0,"load_active_at_start":false,"stack_attempted":false,"stack_captured":false}
    sync_index_count_load_diagnostic_test.go:378: SYNC_INDEX_SUMMARY {"arm":"memoized","estimated_user_cpu_seconds":0,"fixture_elapsed_ms":2110,"gomaxprocs":4,"jobs":4096,"jobs_completed":4096,"memoized_count":120000,"num_cpu":16,"probes_during_scans":0,"probes_under_load":17,"stack_after_ms":600000,"stack_capture_count":0,"sync_clean_max_us":565,"sync_max_us":565,"sync_p50_us":22,"sync_p95_us":549,"sync_probes":32,"validator_count":120000,"work_elapsed_ms":6,"workers":256}
--- PASS: TestDiagnosticWarmSyncIndexUnderCheckpointCountLoad (2.17s)
PASS
real 2.20
user 2.28
sys 0.07
